<?xml version="1.0"?>
<root>
  <mtef>
    <mtef_version>5</mtef_version>
    <platform>1</platform>
    <product>0</product>
    <product_version>6</product_version>
    <product_subversion>9</product_subversion>
    <application_key>DSMT6</application_key>
    <equation_options>block</equation_options>
    <encoding_def>
      <name>WinAllBasicCodePages</name>
    </encoding_def>
    <font_def>
      <enc_def_index>5</enc_def_index>
      <font_name>Times New Roman</font_name>
    </font_def>
    <font_def>
      <enc_def_index>3</enc_def_index>
      <font_name>Symbol</font_name>
    </font_def>
    <font_def>
      <enc_def_index>5</enc_def_index>
      <font_name>Courier New</font_name>
    </font_def>
    <font_def>
      <enc_def_index>4</enc_def_index>
      <font_name>MT Extra</font_name>
    </font_def>
    <eqn_prefs>
      <options>0</options>
      <sizes_count>8</sizes_count>
      <sizes>
        <unit>2</unit>
        <nibbles>1</nibbles>
        <nibbles>2</nibbles>
        <nibbles>15</nibbles>
      </sizes>
      <sizes>
        <unit>4</unit>
        <nibbles>5</nibbles>
        <nibbles>8</nibbles>
        <nibbles>15</nibbles>
      </sizes>
      <sizes>
        <unit>4</unit>
        <nibbles>4</nibbles>
        <nibbles>2</nibbles>
        <nibbles>15</nibbles>
      </sizes>
      <sizes>
        <unit>4</unit>
        <nibbles>1</nibbles>
        <nibbles>5</nibbles>
        <nibbles>0</nibbles>
        <nibbles>15</nibbles>
      </sizes>
      <sizes>
        <unit>1</unit>
        <nibbles>0</nibbles>
        <nibbles>0</nibbles>
        <nibbles>15</nibbles>
      </sizes>
      <sizes>
        <unit>4</unit>
        <nibbles>7</nibbles>
        <nibbles>5</nibbles>
        <nibbles>15</nibbles>
      </sizes>
      <sizes>
        <unit>4</unit>
        <nibbles>1</nibbles>
        <nibbles>5</nibbles>
        <nibbles>0</nibbles>
        <nibbles>15</nibbles>
      </sizes>
      <sizes>
        <unit>1</unit>
        <nibbles>15</nibbles>
      </sizes>
      <spaces_count>30</spaces_count>
      <spaces>
        <unit>4</unit>
        <nibbles>1</nibbles>
        <nibbles>5</nibbles>
        <nibbles>0</nibbles>
        <nibbles>15</nibbles>
      </spaces>
      <spaces>
        <unit>1</unit>
        <nibbles>5</nibbles>
        <nibbles>0</nibbles>
        <nibbles>15</nibbles>
      </spaces>
      <spaces>
        <unit>4</unit>
        <nibbles>1</nibbles>
        <nibbles>0</nibbles>
        <nibbles>0</nibbles>
        <nibbles>15</nibbles>
      </spaces>
      <spaces>
        <unit>4</unit>
        <nibbles>5</nibbles>
        <nibbles>15</nibbles>
      </spaces>
      <spaces>
        <unit>2</unit>
        <nibbles>5</nibbles>
        <nibbles>15</nibbles>
      </spaces>
      <spaces>
        <unit>8</unit>
        <nibbles>15</nibbles>
      </spaces>
      <spaces>
        <unit>4</unit>
        <nibbles>2</nibbles>
        <nibbles>5</nibbles>
        <nibbles>15</nibbles>
      </spaces>
      <spaces>
        <unit>4</unit>
        <nibbles>1</nibbles>
        <nibbles>0</nibbles>
        <nibbles>0</nibbles>
        <nibbles>15</nibbles>
      </spaces>
      <spaces>
        <unit>1</unit>
        <nibbles>0</nibbles>
        <nibbles>0</nibbles>
        <nibbles>15</nibbles>
      </spaces>
      <spaces>
        <unit>4</unit>
        <nibbles>3</nibbles>
        <nibbles>5</nibbles>
        <nibbles>15</nibbles>
      </spaces>
      <spaces>
        <unit>4</unit>
        <nibbles>1</nibbles>
        <nibbles>0</nibbles>
        <nibbles>0</nibbles>
        <nibbles>15</nibbles>
      </spaces>
      <spaces>
        <unit>8</unit>
        <nibbles>15</nibbles>
      </spaces>
      <spaces>
        <unit>4</unit>
        <nibbles>5</nibbles>
        <nibbles>15</nibbles>
      </spaces>
      <spaces>
        <unit>2</unit>
        <nibbles>10</nibbles>
        <nibbles>5</nibbles>
        <nibbles>15</nibbles>
      </spaces>
      <spaces>
        <unit>4</unit>
        <nibbles>8</nibbles>
        <nibbles>15</nibbles>
      </spaces>
      <spaces>
        <unit>8</unit>
        <nibbles>15</nibbles>
      </spaces>
      <spaces>
        <unit>4</unit>
        <nibbles>1</nibbles>
        <nibbles>0</nibbles>
        <nibbles>0</nibbles>
        <nibbles>15</nibbles>
      </spaces>
      <spaces>
        <unit>1</unit>
        <nibbles>0</nibbles>
        <nibbles>0</nibbles>
        <nibbles>15</nibbles>
      </spaces>
      <spaces>
        <unit>4</unit>
        <nibbles>0</nibbles>
        <nibbles>15</nibbles>
      </spaces>
      <spaces>
        <unit>8</unit>
        <nibbles>15</nibbles>
      </spaces>
      <spaces>
        <unit>4</unit>
        <nibbles>1</nibbles>
        <nibbles>7</nibbles>
        <nibbles>15</nibbles>
      </spaces>
      <spaces>
        <unit>4</unit>
        <nibbles>8</nibbles>
        <nibbles>15</nibbles>
      </spaces>
      <spaces>
        <unit>1</unit>
        <nibbles>0</nibbles>
        <nibbles>0</nibbles>
        <nibbles>15</nibbles>
      </spaces>
      <spaces>
        <unit>4</unit>
        <nibbles>1</nibbles>
        <nibbles>2</nibbles>
        <nibbles>10</nibbles>
        <nibbles>5</nibbles>
        <nibbles>15</nibbles>
      </spaces>
      <spaces>
        <unit>4</unit>
        <nibbles>4</nibbles>
        <nibbles>5</nibbles>
        <nibbles>15</nibbles>
      </spaces>
      <spaces>
        <unit>4</unit>
        <nibbles>5</nibbles>
        <nibbles>15</nibbles>
      </spaces>
      <spaces>
        <unit>5</unit>
        <nibbles>15</nibbles>
      </spaces>
      <spaces>
        <unit>4</unit>
        <nibbles>5</nibbles>
        <nibbles>15</nibbles>
      </spaces>
      <spaces>
        <unit>5</unit>
        <nibbles>15</nibbles>
      </spaces>
      <spaces>
        <unit>4</unit>
        <nibbles>1</nibbles>
        <nibbles>0</nibbles>
        <nibbles>15</nibbles>
      </spaces>
      <styles_count>12</styles_count>
      <styles>
        <font_def>1</font_def>
        <font_style>0</font_style>
      </styles>
      <styles>
        <font_def>1</font_def>
        <font_style>0</font_style>
      </styles>
      <styles>
        <font_def>1</font_def>
        <font_style>2</font_style>
      </styles>
      <styles>
        <font_def>2</font_def>
        <font_style>2</font_style>
      </styles>
      <styles>
        <font_def>2</font_def>
        <font_style>0</font_style>
      </styles>
      <styles>
        <font_def>2</font_def>
        <font_style>0</font_style>
      </styles>
      <styles>
        <font_def>1</font_def>
        <font_style>1</font_style>
      </styles>
      <styles>
        <font_def>1</font_def>
        <font_style>0</font_style>
      </styles>
      <styles>
        <font_def>3</font_def>
        <font_style>0</font_style>
      </styles>
      <styles>
        <font_def>1</font_def>
        <font_style>0</font_style>
      </styles>
      <styles>
        <font_def>4</font_def>
        <font_style>0</font_style>
      </styles>
      <styles>
        <font_def>0</font_def>
      </styles>
    </eqn_prefs>
    <full/>
    <pile>
      <options>0</options>
      <halign>left</halign>
      <valign>center_baseline</valign>
      <slot>
        <options>0</options>
        <char>
          <typeface>24</typeface>
          <mt_code_value>0xEF05</mt_code_value>
          <options>0</options>
          <variation>mathmode</variation>
        </char>
        <char>
          <typeface>24</typeface>
          <mt_code_value>0xEF05</mt_code_value>
          <options>0</options>
          <variation>mathmode</variation>
        </char>
        <char>
          <typeface>24</typeface>
          <mt_code_value>0xEF02</mt_code_value>
          <options>0</options>
          <variation>mathmode</variation>
        </char>
        <tmpl>
          <selector>tmLIM</selector>
          <variation>tvBO_LOWER</variation>
          <variation>tvBO_INT</variation>
          <variation>tvSUBAR</variation>
          <template_specific_options>0</template_specific_options>
          <slot>
            <options>0</options>
            <color_def>
              <options>0</options>
              <rgb>
                <r>0</r>
                <g>0</g>
                <b>0</b>
              </rgb>
            </color_def>
            <color>
              <color_def_index>1</color_def_index>
            </color>
            <char>
              <typeface>2</typeface>
              <mt_code_value>0x006D</mt_code_value>
              <options>2</options>
              <variation>mathmode</variation>
            </char>
            <char>
              <typeface>2</typeface>
              <mt_code_value>0x0069</mt_code_value>
              <options>0</options>
              <variation>mathmode</variation>
            </char>
            <char>
              <typeface>2</typeface>
              <mt_code_value>0x006E</mt_code_value>
              <options>0</options>
              <variation>mathmode</variation>
            </char>
            <end/>
          </slot>
          <sub/>
          <color>
            <color_def_index>0</color_def_index>
          </color>
          <slot>
            <options>0</options>
            <color>
              <color_def_index>1</color_def_index>
            </color>
            <char>
              <typeface>3</typeface>
              <mt_code_value>0x0077</mt_code_value>
              <options>0</options>
              <variation>mathmode</variation>
            </char>
            <char>
              <typeface>2</typeface>
              <mt_code_value>0x002C</mt_code_value>
              <options>0</options>
              <variation>mathmode</variation>
            </char>
            <char>
              <typeface>3</typeface>
              <mt_code_value>0x0062</mt_code_value>
              <options>0</options>
              <variation>mathmode</variation>
            </char>
            <char>
              <typeface>2</typeface>
              <mt_code_value>0x002C</mt_code_value>
              <options>0</options>
              <variation>mathmode</variation>
            </char>
            <char>
              <typeface>4</typeface>
              <mt_code_value>0x03BE</mt_code_value>
              <options>4</options>
              <font_position>120</font_position>
              <variation>mathmode</variation>
            </char>
            <end/>
          </slot>
          <color>
            <color_def_index>0</color_def_index>
          </color>
          <slot>
            <options>1</options>
          </slot>
          <end/>
        </tmpl>
        <full/>
        <char>
          <typeface>24</typeface>
          <mt_code_value>0xEF05</mt_code_value>
          <options>0</options>
          <variation>mathmode</variation>
        </char>
        <char>
          <typeface>24</typeface>
          <mt_code_value>0xEF04</mt_code_value>
          <options>0</options>
          <variation>mathmode</variation>
        </char>
        <color>
          <color_def_index>1</color_def_index>
        </color>
        <tmpl>
          <selector>tmFRACT</selector>
          <template_specific_options>0</template_specific_options>
          <color>
            <color_def_index>0</color_def_index>
          </color>
          <slot>
            <options>0</options>
            <color>
              <color_def_index>1</color_def_index>
            </color>
            <char>
              <typeface>8</typeface>
              <mt_code_value>0x0031</mt_code_value>
              <options>0</options>
              <variation>mathmode</variation>
            </char>
            <end/>
          </slot>
          <color>
            <color_def_index>0</color_def_index>
          </color>
          <slot>
            <options>0</options>
            <color>
              <color_def_index>1</color_def_index>
            </color>
            <char>
              <typeface>8</typeface>
              <mt_code_value>0x0032</mt_code_value>
              <options>0</options>
              <variation>mathmode</variation>
            </char>
            <end/>
          </slot>
          <end/>
        </tmpl>
        <char>
          <typeface>3</typeface>
          <mt_code_value>0x0077</mt_code_value>
          <options>0</options>
          <variation>mathmode</variation>
        </char>
        <color>
          <color_def_index>0</color_def_index>
        </color>
        <tmpl>
          <selector>tmSUP</selector>
          <template_specific_options>0</template_specific_options>
          <sub/>
          <slot>
            <options>1</options>
          </slot>
          <slot>
            <options>0</options>
            <color>
              <color_def_index>1</color_def_index>
            </color>
            <char>
              <typeface>3</typeface>
              <mt_code_value>0x0054</mt_code_value>
              <options>0</options>
              <variation>mathmode</variation>
            </char>
            <end/>
          </slot>
          <end/>
        </tmpl>
        <full/>
        <char>
          <typeface>3</typeface>
          <mt_code_value>0x0077</mt_code_value>
          <options>0</options>
          <variation>mathmode</variation>
        </char>
        <char>
          <typeface>6</typeface>
          <mt_code_value>0x002B</mt_code_value>
          <options>4</options>
          <font_position>43</font_position>
          <variation>mathmode</variation>
        </char>
        <char>
          <typeface>3</typeface>
          <mt_code_value>0x0043</mt_code_value>
          <options>0</options>
          <variation>mathmode</variation>
        </char>
        <tmpl>
          <selector>tmSUMOP</selector>
          <variation>tvBO_LOWER</variation>
          <variation>tvBO_UPPER</variation>
          <variation>tvBO_SUM</variation>
          <template_specific_options>0</template_specific_options>
          <slot>
            <options>1</options>
          </slot>
          <sub/>
          <color>
            <color_def_index>0</color_def_index>
          </color>
          <slot>
            <options>0</options>
            <color>
              <color_def_index>1</color_def_index>
            </color>
            <char>
              <typeface>3</typeface>
              <mt_code_value>0x0069</mt_code_value>
              <options>0</options>
              <variation>mathmode</variation>
            </char>
            <char>
              <typeface>6</typeface>
              <mt_code_value>0x003D</mt_code_value>
              <options>4</options>
              <font_position>61</font_position>
              <variation>mathmode</variation>
            </char>
            <char>
              <typeface>8</typeface>
              <mt_code_value>0x0031</mt_code_value>
              <options>0</options>
              <variation>mathmode</variation>
            </char>
            <end/>
          </slot>
          <color>
            <color_def_index>0</color_def_index>
          </color>
          <slot>
            <options>0</options>
            <color>
              <color_def_index>1</color_def_index>
            </color>
            <char>
              <typeface>3</typeface>
              <mt_code_value>0x006C</mt_code_value>
              <options>0</options>
              <variation>mathmode</variation>
            </char>
            <end/>
          </slot>
          <sym/>
          <color>
            <color_def_index>0</color_def_index>
          </color>
          <slot>
            <options>0</options>
            <color>
              <color_def_index>1</color_def_index>
            </color>
            <char>
              <typeface>6</typeface>
              <mt_code_value>0x2211</mt_code_value>
              <options>4</options>
              <font_position>229</font_position>
              <variation>mathmode</variation>
            </char>
            <end/>
          </slot>
          <end/>
        </tmpl>
        <full/>
        <char>
          <typeface>4</typeface>
          <mt_code_value>0x03BE</mt_code_value>
          <options>4</options>
          <font_position>120</font_position>
          <variation>mathmode</variation>
        </char>
        <color>
          <color_def_index>0</color_def_index>
        </color>
        <tmpl>
          <selector>tmSUB</selector>
          <template_specific_options>0</template_specific_options>
          <sub/>
          <slot>
            <options>0</options>
            <color>
              <color_def_index>1</color_def_index>
            </color>
            <char>
              <typeface>3</typeface>
              <mt_code_value>0x0069</mt_code_value>
              <options>0</options>
              <variation>mathmode</variation>
            </char>
            <end/>
          </slot>
          <color>
            <color_def_index>0</color_def_index>
          </color>
          <slot>
            <options>1</options>
          </slot>
          <end/>
        </tmpl>
        <end/>
      </slot>
      <full/>
      <slot>
        <options>0</options>
        <color>
          <color_def_index>1</color_def_index>
        </color>
        <char>
          <typeface>1</typeface>
          <mt_code_value>0x0073</mt_code_value>
          <options>0</options>
          <variation>textmode</variation>
        </char>
        <char>
          <typeface>1</typeface>
          <mt_code_value>0x0075</mt_code_value>
          <options>0</options>
          <variation>textmode</variation>
        </char>
        <char>
          <typeface>1</typeface>
          <mt_code_value>0x0062</mt_code_value>
          <options>0</options>
          <variation>textmode</variation>
        </char>
        <char>
          <typeface>1</typeface>
          <mt_code_value>0x006A</mt_code_value>
          <options>0</options>
          <variation>textmode</variation>
        </char>
        <char>
          <typeface>1</typeface>
          <mt_code_value>0x0065</mt_code_value>
          <options>0</options>
          <variation>textmode</variation>
        </char>
        <char>
          <typeface>1</typeface>
          <mt_code_value>0x0063</mt_code_value>
          <options>0</options>
          <variation>textmode</variation>
        </char>
        <char>
          <typeface>1</typeface>
          <mt_code_value>0x0074</mt_code_value>
          <options>0</options>
          <variation>textmode</variation>
        </char>
        <char>
          <typeface>24</typeface>
          <mt_code_value>0xEF04</mt_code_value>
          <options>0</options>
          <variation>mathmode</variation>
        </char>
        <char>
          <typeface>1</typeface>
          <mt_code_value>0x0074</mt_code_value>
          <options>0</options>
          <variation>textmode</variation>
        </char>
        <char>
          <typeface>1</typeface>
          <mt_code_value>0x006F</mt_code_value>
          <options>0</options>
          <variation>textmode</variation>
        </char>
        <char>
          <typeface>1</typeface>
          <mt_code_value>0x00A0</mt_code_value>
          <options>0</options>
          <variation>textmode</variation>
        </char>
        <char>
          <typeface>24</typeface>
          <mt_code_value>0xEF04</mt_code_value>
          <options>0</options>
          <variation>mathmode</variation>
        </char>
        <char>
          <typeface>24</typeface>
          <mt_code_value>0xEF05</mt_code_value>
          <options>0</options>
          <variation>mathmode</variation>
        </char>
        <char>
          <typeface>3</typeface>
          <mt_code_value>0x0079</mt_code_value>
          <options>0</options>
          <variation>mathmode</variation>
        </char>
        <color>
          <color_def_index>0</color_def_index>
        </color>
        <tmpl>
          <selector>tmSUB</selector>
          <template_specific_options>0</template_specific_options>
          <sub/>
          <slot>
            <options>0</options>
            <color>
              <color_def_index>1</color_def_index>
            </color>
            <char>
              <typeface>3</typeface>
              <mt_code_value>0x0069</mt_code_value>
              <options>0</options>
              <variation>mathmode</variation>
            </char>
            <end/>
          </slot>
          <color>
            <color_def_index>0</color_def_index>
          </color>
          <slot>
            <options>1</options>
          </slot>
          <end/>
        </tmpl>
        <full/>
        <char>
          <typeface>2</typeface>
          <mt_code_value>0x0028</mt_code_value>
          <options>0</options>
          <variation>mathmode</variation>
        </char>
        <color>
          <color_def_index>1</color_def_index>
        </color>
        <char>
          <typeface>3</typeface>
          <mt_code_value>0x0077</mt_code_value>
          <options>0</options>
          <variation>mathmode</variation>
        </char>
        <color>
          <color_def_index>0</color_def_index>
        </color>
        <tmpl>
          <selector>tmSUP</selector>
          <template_specific_options>0</template_specific_options>
          <sub/>
          <slot>
            <options>1</options>
          </slot>
          <slot>
            <options>0</options>
            <color>
              <color_def_index>1</color_def_index>
            </color>
            <char>
              <typeface>3</typeface>
              <mt_code_value>0x0054</mt_code_value>
              <options>0</options>
              <variation>mathmode</variation>
            </char>
            <end/>
          </slot>
          <end/>
        </tmpl>
        <full/>
        <color>
          <color_def_index>0</color_def_index>
        </color>
        <char>
          <typeface>4</typeface>
          <mt_code_value>0x03D5</mt_code_value>
          <options>4</options>
          <font_position>102</font_position>
          <variation>mathmode</variation>
        </char>
        <tmpl>
          <selector>tmPAREN</selector>
          <variation>tvFENCE_L</variation>
          <variation>tvFENCE_R</variation>
          <template_specific_options>0</template_specific_options>
          <slot>
            <options>0</options>
            <color>
              <color_def_index>1</color_def_index>
            </color>
            <char>
              <typeface>3</typeface>
              <mt_code_value>0x0078</mt_code_value>
              <options>0</options>
              <variation>mathmode</variation>
            </char>
            <color>
              <color_def_index>0</color_def_index>
            </color>
            <tmpl>
              <selector>tmSUB</selector>
              <template_specific_options>0</template_specific_options>
              <sub/>
              <slot>
                <options>0</options>
                <color>
                  <color_def_index>1</color_def_index>
                </color>
                <char>
                  <typeface>3</typeface>
                  <mt_code_value>0x0069</mt_code_value>
                  <options>0</options>
                  <variation>mathmode</variation>
                </char>
                <end/>
              </slot>
              <color>
                <color_def_index>0</color_def_index>
              </color>
              <slot>
                <options>1</options>
              </slot>
              <end/>
            </tmpl>
            <end/>
          </slot>
          <full/>
          <char>
            <typeface>22</typeface>
            <mt_code_value>0x0028</mt_code_value>
            <options>0</options>
            <variation>mathmode</variation>
          </char>
          <char>
            <typeface>22</typeface>
            <mt_code_value>0x0029</mt_code_value>
            <options>0</options>
            <variation>mathmode</variation>
          </char>
          <end/>
        </tmpl>
        <color>
          <color_def_index>1</color_def_index>
        </color>
        <char>
          <typeface>6</typeface>
          <mt_code_value>0x002B</mt_code_value>
          <options>4</options>
          <font_position>43</font_position>
          <variation>mathmode</variation>
        </char>
        <char>
          <typeface>3</typeface>
          <mt_code_value>0x0062</mt_code_value>
          <options>0</options>
          <variation>mathmode</variation>
        </char>
        <color>
          <color_def_index>0</color_def_index>
        </color>
        <char>
          <typeface>2</typeface>
          <mt_code_value>0x0029</mt_code_value>
          <options>0</options>
          <variation>mathmode</variation>
        </char>
        <color>
          <color_def_index>1</color_def_index>
        </color>
        <char>
          <typeface>2</typeface>
          <mt_code_value>0x00A0</mt_code_value>
          <options>0</options>
          <variation>mathmode</variation>
        </char>
        <char>
          <typeface>24</typeface>
          <mt_code_value>0xEF04</mt_code_value>
          <options>0</options>
          <variation>mathmode</variation>
        </char>
        <char>
          <typeface>6</typeface>
          <mt_code_value>0x2265</mt_code_value>
          <options>4</options>
          <font_position>179</font_position>
          <variation>mathmode</variation>
        </char>
        <char>
          <typeface>24</typeface>
          <mt_code_value>0xEF04</mt_code_value>
          <options>0</options>
          <variation>mathmode</variation>
        </char>
        <char>
          <typeface>8</typeface>
          <mt_code_value>0x0031</mt_code_value>
          <options>0</options>
          <variation>mathmode</variation>
        </char>
        <char>
          <typeface>6</typeface>
          <mt_code_value>0x2212</mt_code_value>
          <options>4</options>
          <font_position>45</font_position>
          <variation>mathmode</variation>
        </char>
        <char>
          <typeface>4</typeface>
          <mt_code_value>0x03BE</mt_code_value>
          <options>4</options>
          <font_position>120</font_position>
          <variation>mathmode</variation>
        </char>
        <color>
          <color_def_index>0</color_def_index>
        </color>
        <tmpl>
          <selector>tmSUB</selector>
          <template_specific_options>0</template_specific_options>
          <sub/>
          <slot>
            <options>0</options>
            <color>
              <color_def_index>1</color_def_index>
            </color>
            <char>
              <typeface>3</typeface>
              <mt_code_value>0x0069</mt_code_value>
              <options>0</options>
              <variation>mathmode</variation>
            </char>
            <end/>
          </slot>
          <color>
            <color_def_index>0</color_def_index>
          </color>
          <slot>
            <options>1</options>
          </slot>
          <end/>
        </tmpl>
        <end/>
      </slot>
      <full/>
      <color>
        <color_def_index>1</color_def_index>
      </color>
      <slot>
        <options>0</options>
        <char>
          <typeface>24</typeface>
          <mt_code_value>0xEF05</mt_code_value>
          <options>0</options>
          <variation>mathmode</variation>
        </char>
        <char>
          <typeface>24</typeface>
          <mt_code_value>0xEF05</mt_code_value>
          <options>0</options>
          <variation>mathmode</variation>
        </char>
        <char>
          <typeface>24</typeface>
          <mt_code_value>0xEF05</mt_code_value>
          <options>0</options>
          <variation>mathmode</variation>
        </char>
        <char>
          <typeface>24</typeface>
          <mt_code_value>0xEF05</mt_code_value>
          <options>0</options>
          <variation>mathmode</variation>
        </char>
        <char>
          <typeface>24</typeface>
          <mt_code_value>0xEF05</mt_code_value>
          <options>0</options>
          <variation>mathmode</variation>
        </char>
        <char>
          <typeface>4</typeface>
          <mt_code_value>0x03BE</mt_code_value>
          <options>4</options>
          <font_position>120</font_position>
          <variation>mathmode</variation>
        </char>
        <color>
          <color_def_index>0</color_def_index>
        </color>
        <tmpl>
          <selector>tmSUB</selector>
          <template_specific_options>0</template_specific_options>
          <sub/>
          <slot>
            <options>0</options>
            <color>
              <color_def_index>1</color_def_index>
            </color>
            <char>
              <typeface>3</typeface>
              <mt_code_value>0x0069</mt_code_value>
              <options>0</options>
              <variation>mathmode</variation>
            </char>
            <end/>
          </slot>
          <color>
            <color_def_index>0</color_def_index>
          </color>
          <slot>
            <options>1</options>
          </slot>
          <end/>
        </tmpl>
        <full/>
        <color>
          <color_def_index>1</color_def_index>
        </color>
        <char>
          <typeface>6</typeface>
          <mt_code_value>0x2265</mt_code_value>
          <options>4</options>
          <font_position>179</font_position>
          <variation>mathmode</variation>
        </char>
        <char>
          <typeface>8</typeface>
          <mt_code_value>0x0030</mt_code_value>
          <options>0</options>
          <variation>mathmode</variation>
        </char>
        <char>
          <typeface>2</typeface>
          <mt_code_value>0x002C</mt_code_value>
          <options>0</options>
          <variation>mathmode</variation>
        </char>
        <char>
          <typeface>24</typeface>
          <mt_code_value>0xEF05</mt_code_value>
          <options>0</options>
          <variation>mathmode</variation>
        </char>
        <char>
          <typeface>6</typeface>
          <mt_code_value>0x2200</mt_code_value>
          <options>4</options>
          <font_position>34</font_position>
          <variation>mathmode</variation>
        </char>
        <char>
          <typeface>3</typeface>
          <mt_code_value>0x0069</mt_code_value>
          <options>0</options>
          <variation>mathmode</variation>
        </char>
        <end/>
      </slot>
      <end/>
    </pile>
    <end/>
  </mtef>
</root>
