<?xml version="1.0"?>
<root>
  <mtef>
    <mtef_version>5</mtef_version>
    <platform>0</platform>
    <product>0</product>
    <product_version>6</product_version>
    <product_subversion>7</product_subversion>
    <application_key>DSMT6</application_key>
    <equation_options>block</equation_options>
    <future>
      <skip>3</skip>
    </future>
    <encoding_def>
      <name>MacRoman</name>
    </encoding_def>
    <font_def>
      <enc_def_index>5</enc_def_index>
      <font_name>Cambria</font_name>
    </font_def>
    <font_def>
      <enc_def_index>3</enc_def_index>
      <font_name>Symbol</font_name>
    </font_def>
    <font_def>
      <enc_def_index>5</enc_def_index>
      <font_name>Courier</font_name>
    </font_def>
    <font_def>
      <enc_def_index>4</enc_def_index>
      <font_name>MT Extra</font_name>
    </font_def>
    <eqn_prefs>
      <options>0</options>
      <sizes_count>8</sizes_count>
      <sizes>
        <unit>2</unit>
        <nibbles>1</nibbles>
        <nibbles>2</nibbles>
        <nibbles>15</nibbles>
      </sizes>
      <sizes>
        <unit>4</unit>
        <nibbles>5</nibbles>
        <nibbles>8</nibbles>
        <nibbles>15</nibbles>
      </sizes>
      <sizes>
        <unit>4</unit>
        <nibbles>4</nibbles>
        <nibbles>2</nibbles>
        <nibbles>15</nibbles>
      </sizes>
      <sizes>
        <unit>4</unit>
        <nibbles>1</nibbles>
        <nibbles>5</nibbles>
        <nibbles>0</nibbles>
        <nibbles>15</nibbles>
      </sizes>
      <sizes>
        <unit>1</unit>
        <nibbles>0</nibbles>
        <nibbles>0</nibbles>
        <nibbles>15</nibbles>
      </sizes>
      <sizes>
        <unit>4</unit>
        <nibbles>7</nibbles>
        <nibbles>5</nibbles>
        <nibbles>15</nibbles>
      </sizes>
      <sizes>
        <unit>4</unit>
        <nibbles>1</nibbles>
        <nibbles>5</nibbles>
        <nibbles>0</nibbles>
        <nibbles>15</nibbles>
      </sizes>
      <sizes>
        <unit>1</unit>
        <nibbles>15</nibbles>
      </sizes>
      <spaces_count>33</spaces_count>
      <spaces>
        <unit>4</unit>
        <nibbles>1</nibbles>
        <nibbles>5</nibbles>
        <nibbles>0</nibbles>
        <nibbles>15</nibbles>
      </spaces>
      <spaces>
        <unit>1</unit>
        <nibbles>5</nibbles>
        <nibbles>0</nibbles>
        <nibbles>15</nibbles>
      </spaces>
      <spaces>
        <unit>4</unit>
        <nibbles>1</nibbles>
        <nibbles>0</nibbles>
        <nibbles>0</nibbles>
        <nibbles>15</nibbles>
      </spaces>
      <spaces>
        <unit>4</unit>
        <nibbles>5</nibbles>
        <nibbles>15</nibbles>
      </spaces>
      <spaces>
        <unit>2</unit>
        <nibbles>5</nibbles>
        <nibbles>15</nibbles>
      </spaces>
      <spaces>
        <unit>8</unit>
        <nibbles>15</nibbles>
      </spaces>
      <spaces>
        <unit>4</unit>
        <nibbles>2</nibbles>
        <nibbles>5</nibbles>
        <nibbles>15</nibbles>
      </spaces>
      <spaces>
        <unit>4</unit>
        <nibbles>1</nibbles>
        <nibbles>0</nibbles>
        <nibbles>0</nibbles>
        <nibbles>15</nibbles>
      </spaces>
      <spaces>
        <unit>1</unit>
        <nibbles>0</nibbles>
        <nibbles>0</nibbles>
        <nibbles>15</nibbles>
      </spaces>
      <spaces>
        <unit>4</unit>
        <nibbles>3</nibbles>
        <nibbles>5</nibbles>
        <nibbles>15</nibbles>
      </spaces>
      <spaces>
        <unit>4</unit>
        <nibbles>1</nibbles>
        <nibbles>0</nibbles>
        <nibbles>0</nibbles>
        <nibbles>15</nibbles>
      </spaces>
      <spaces>
        <unit>8</unit>
        <nibbles>15</nibbles>
      </spaces>
      <spaces>
        <unit>4</unit>
        <nibbles>5</nibbles>
        <nibbles>15</nibbles>
      </spaces>
      <spaces>
        <unit>2</unit>
        <nibbles>10</nibbles>
        <nibbles>5</nibbles>
        <nibbles>15</nibbles>
      </spaces>
      <spaces>
        <unit>4</unit>
        <nibbles>8</nibbles>
        <nibbles>15</nibbles>
      </spaces>
      <spaces>
        <unit>8</unit>
        <nibbles>15</nibbles>
      </spaces>
      <spaces>
        <unit>4</unit>
        <nibbles>1</nibbles>
        <nibbles>0</nibbles>
        <nibbles>0</nibbles>
        <nibbles>15</nibbles>
      </spaces>
      <spaces>
        <unit>1</unit>
        <nibbles>0</nibbles>
        <nibbles>0</nibbles>
        <nibbles>15</nibbles>
      </spaces>
      <spaces>
        <unit>4</unit>
        <nibbles>0</nibbles>
        <nibbles>15</nibbles>
      </spaces>
      <spaces>
        <unit>8</unit>
        <nibbles>15</nibbles>
      </spaces>
      <spaces>
        <unit>4</unit>
        <nibbles>1</nibbles>
        <nibbles>7</nibbles>
        <nibbles>15</nibbles>
      </spaces>
      <spaces>
        <unit>4</unit>
        <nibbles>8</nibbles>
        <nibbles>15</nibbles>
      </spaces>
      <spaces>
        <unit>1</unit>
        <nibbles>0</nibbles>
        <nibbles>0</nibbles>
        <nibbles>15</nibbles>
      </spaces>
      <spaces>
        <unit>4</unit>
        <nibbles>1</nibbles>
        <nibbles>2</nibbles>
        <nibbles>10</nibbles>
        <nibbles>5</nibbles>
        <nibbles>15</nibbles>
      </spaces>
      <spaces>
        <unit>4</unit>
        <nibbles>4</nibbles>
        <nibbles>5</nibbles>
        <nibbles>15</nibbles>
      </spaces>
      <spaces>
        <unit>4</unit>
        <nibbles>5</nibbles>
        <nibbles>15</nibbles>
      </spaces>
      <spaces>
        <unit>5</unit>
        <nibbles>15</nibbles>
      </spaces>
      <spaces>
        <unit>4</unit>
        <nibbles>5</nibbles>
        <nibbles>15</nibbles>
      </spaces>
      <spaces>
        <unit>5</unit>
        <nibbles>15</nibbles>
      </spaces>
      <spaces>
        <unit>4</unit>
        <nibbles>1</nibbles>
        <nibbles>0</nibbles>
        <nibbles>15</nibbles>
      </spaces>
      <spaces>
        <unit>4</unit>
        <nibbles>2</nibbles>
        <nibbles>0</nibbles>
        <nibbles>15</nibbles>
      </spaces>
      <spaces>
        <unit>4</unit>
        <nibbles>2</nibbles>
        <nibbles>0</nibbles>
        <nibbles>15</nibbles>
      </spaces>
      <spaces>
        <unit>4</unit>
        <nibbles>2</nibbles>
        <nibbles>0</nibbles>
        <nibbles>15</nibbles>
      </spaces>
      <styles_count>12</styles_count>
      <styles>
        <font_def>1</font_def>
        <font_style>0</font_style>
      </styles>
      <styles>
        <font_def>1</font_def>
        <font_style>0</font_style>
      </styles>
      <styles>
        <font_def>1</font_def>
        <font_style>2</font_style>
      </styles>
      <styles>
        <font_def>2</font_def>
        <font_style>2</font_style>
      </styles>
      <styles>
        <font_def>2</font_def>
        <font_style>0</font_style>
      </styles>
      <styles>
        <font_def>2</font_def>
        <font_style>0</font_style>
      </styles>
      <styles>
        <font_def>1</font_def>
        <font_style>1</font_style>
      </styles>
      <styles>
        <font_def>1</font_def>
        <font_style>0</font_style>
      </styles>
      <styles>
        <font_def>3</font_def>
        <font_style>0</font_style>
      </styles>
      <styles>
        <font_def>1</font_def>
        <font_style>0</font_style>
      </styles>
      <styles>
        <font_def>4</font_def>
        <font_style>0</font_style>
      </styles>
      <styles>
        <font_def>0</font_def>
      </styles>
    </eqn_prefs>
    <full/>
    <slot>
      <options>0</options>
      <char>
        <typeface>3</typeface>
        <mt_code_value>0x0061</mt_code_value>
        <options>1</options>
        <variation>mathmode</variation>
        <embell>
          <options>0</options>
          <embell>emb1PRIME</embell>
        </embell>
        <end/>
      </char>
      <char>
        <typeface>3</typeface>
        <mt_code_value>0x0062</mt_code_value>
        <options>1</options>
        <variation>mathmode</variation>
        <embell>
          <options>0</options>
          <embell>emb2PRIME</embell>
        </embell>
        <end/>
      </char>
      <char>
        <typeface>3</typeface>
        <mt_code_value>0x0063</mt_code_value>
        <options>1</options>
        <variation>mathmode</variation>
        <embell>
          <options>0</options>
          <embell>emb3PRIME</embell>
        </embell>
        <end/>
      </char>
      <char>
        <typeface>3</typeface>
        <mt_code_value>0x0064</mt_code_value>
        <options>1</options>
        <variation>mathmode</variation>
        <embell>
          <options>0</options>
          <embell>embBPRIME</embell>
        </embell>
        <end/>
      </char>
      <char>
        <typeface>3</typeface>
        <mt_code_value>0x0065</mt_code_value>
        <options>1</options>
        <variation>mathmode</variation>
        <embell>
          <options>0</options>
          <embell>embNOT</embell>
        </embell>
        <end/>
      </char>
      <char>
        <typeface>3</typeface>
        <mt_code_value>0x0066</mt_code_value>
        <options>1</options>
        <variation>mathmode</variation>
        <embell>
          <options>0</options>
          <embell>embMBAR</embell>
        </embell>
        <end/>
      </char>
      <char>
        <typeface>3</typeface>
        <mt_code_value>0x0067</mt_code_value>
        <options>1</options>
        <variation>mathmode</variation>
        <embell>
          <options>0</options>
          <embell>embX_BARS</embell>
        </embell>
        <end/>
      </char>
      <char>
        <typeface>3</typeface>
        <mt_code_value>0x0068</mt_code_value>
        <options>1</options>
        <variation>mathmode</variation>
        <embell>
          <options>0</options>
          <embell>embUP_BAR</embell>
        </embell>
        <end/>
      </char>
      <char>
        <typeface>3</typeface>
        <mt_code_value>0x0069</mt_code_value>
        <options>1</options>
        <variation>mathmode</variation>
        <embell>
          <options>0</options>
          <embell>embDOWN_BAR</embell>
        </embell>
        <end/>
      </char>
      <char>
        <typeface>6</typeface>
        <mt_code_value>0x2212</mt_code_value>
        <options>4</options>
        <font_position>45</font_position>
        <variation>mathmode</variation>
      </char>
      <char>
        <typeface>3</typeface>
        <mt_code_value>0x006A</mt_code_value>
        <options>1</options>
        <variation>mathmode</variation>
        <embell>
          <options>0</options>
          <embell>emb1DOT</embell>
        </embell>
        <end/>
      </char>
      <char>
        <typeface>6</typeface>
        <mt_code_value>0x2212</mt_code_value>
        <options>4</options>
        <font_position>45</font_position>
        <variation>mathmode</variation>
      </char>
      <char>
        <typeface>3</typeface>
        <mt_code_value>0x006B</mt_code_value>
        <options>1</options>
        <variation>mathmode</variation>
        <embell>
          <options>0</options>
          <embell>emb2DOT</embell>
        </embell>
        <end/>
      </char>
      <char>
        <typeface>6</typeface>
        <mt_code_value>0x2212</mt_code_value>
        <options>4</options>
        <font_position>45</font_position>
        <variation>mathmode</variation>
      </char>
      <char>
        <typeface>3</typeface>
        <mt_code_value>0x006C</mt_code_value>
        <options>1</options>
        <variation>mathmode</variation>
        <embell>
          <options>0</options>
          <embell>emb3DOT</embell>
        </embell>
        <end/>
      </char>
      <char>
        <typeface>6</typeface>
        <mt_code_value>0x2212</mt_code_value>
        <options>4</options>
        <font_position>45</font_position>
        <variation>mathmode</variation>
      </char>
      <char>
        <typeface>3</typeface>
        <mt_code_value>0x006D</mt_code_value>
        <options>1</options>
        <variation>mathmode</variation>
        <embell>
          <options>0</options>
          <embell>emb4DOT</embell>
        </embell>
        <end/>
      </char>
      <char>
        <typeface>6</typeface>
        <mt_code_value>0x2212</mt_code_value>
        <options>4</options>
        <font_position>45</font_position>
        <variation>mathmode</variation>
      </char>
      <char>
        <typeface>3</typeface>
        <mt_code_value>0x006E</mt_code_value>
        <options>1</options>
        <variation>mathmode</variation>
        <embell>
          <options>0</options>
          <embell>embU_1DOT</embell>
        </embell>
        <end/>
      </char>
      <char>
        <typeface>6</typeface>
        <mt_code_value>0x2212</mt_code_value>
        <options>4</options>
        <font_position>45</font_position>
        <variation>mathmode</variation>
      </char>
      <char>
        <typeface>3</typeface>
        <mt_code_value>0x006F</mt_code_value>
        <options>1</options>
        <variation>mathmode</variation>
        <embell>
          <options>0</options>
          <embell>embU_2DOT</embell>
        </embell>
        <end/>
      </char>
      <char>
        <typeface>6</typeface>
        <mt_code_value>0x2212</mt_code_value>
        <options>4</options>
        <font_position>45</font_position>
        <variation>mathmode</variation>
      </char>
      <char>
        <typeface>3</typeface>
        <mt_code_value>0x0070</mt_code_value>
        <options>1</options>
        <variation>mathmode</variation>
        <embell>
          <options>0</options>
          <embell>embU_3DOT</embell>
        </embell>
        <end/>
      </char>
      <char>
        <typeface>6</typeface>
        <mt_code_value>0x2212</mt_code_value>
        <options>4</options>
        <font_position>45</font_position>
        <variation>mathmode</variation>
      </char>
      <char>
        <typeface>3</typeface>
        <mt_code_value>0x0071</mt_code_value>
        <options>1</options>
        <variation>mathmode</variation>
        <embell>
          <options>0</options>
          <embell>embFROWN</embell>
        </embell>
        <end/>
      </char>
      <char>
        <typeface>6</typeface>
        <mt_code_value>0x2212</mt_code_value>
        <options>4</options>
        <font_position>45</font_position>
        <variation>mathmode</variation>
      </char>
      <char>
        <typeface>3</typeface>
        <mt_code_value>0x0072</mt_code_value>
        <options>1</options>
        <variation>mathmode</variation>
        <embell>
          <options>0</options>
          <embell>embU_4DOT</embell>
        </embell>
        <end/>
      </char>
      <char>
        <typeface>6</typeface>
        <mt_code_value>0x2212</mt_code_value>
        <options>4</options>
        <font_position>45</font_position>
        <variation>mathmode</variation>
      </char>
      <char>
        <typeface>3</typeface>
        <mt_code_value>0x0073</mt_code_value>
        <options>1</options>
        <variation>mathmode</variation>
        <embell>
          <options>0</options>
          <embell>embOBAR</embell>
        </embell>
        <end/>
      </char>
      <char>
        <typeface>6</typeface>
        <mt_code_value>0x2212</mt_code_value>
        <options>4</options>
        <font_position>45</font_position>
        <variation>mathmode</variation>
      </char>
      <char>
        <typeface>3</typeface>
        <mt_code_value>0x0074</mt_code_value>
        <options>1</options>
        <variation>mathmode</variation>
        <embell>
          <options>0</options>
          <embell>embTILDE</embell>
        </embell>
        <end/>
      </char>
      <char>
        <typeface>6</typeface>
        <mt_code_value>0x2212</mt_code_value>
        <options>4</options>
        <font_position>45</font_position>
        <variation>mathmode</variation>
      </char>
      <char>
        <typeface>3</typeface>
        <mt_code_value>0x0075</mt_code_value>
        <options>1</options>
        <variation>mathmode</variation>
        <embell>
          <options>0</options>
          <embell>embSMILE</embell>
        </embell>
        <end/>
      </char>
      <char>
        <typeface>6</typeface>
        <mt_code_value>0x2212</mt_code_value>
        <options>4</options>
        <font_position>45</font_position>
        <variation>mathmode</variation>
      </char>
      <char>
        <typeface>3</typeface>
        <mt_code_value>0x0076</mt_code_value>
        <options>1</options>
        <variation>mathmode</variation>
        <embell>
          <options>0</options>
          <embell>embHAT</embell>
        </embell>
        <end/>
      </char>
      <char>
        <typeface>6</typeface>
        <mt_code_value>0x2212</mt_code_value>
        <options>4</options>
        <font_position>45</font_position>
        <variation>mathmode</variation>
      </char>
      <char>
        <typeface>3</typeface>
        <mt_code_value>0x0078</mt_code_value>
        <options>1</options>
        <variation>mathmode</variation>
        <embell>
          <options>0</options>
          <embell>embU_BAR</embell>
        </embell>
        <end/>
      </char>
      <char>
        <typeface>6</typeface>
        <mt_code_value>0x2212</mt_code_value>
        <options>4</options>
        <font_position>45</font_position>
        <variation>mathmode</variation>
      </char>
      <char>
        <typeface>3</typeface>
        <mt_code_value>0x0079</mt_code_value>
        <options>1</options>
        <variation>mathmode</variation>
        <embell>
          <options>0</options>
          <embell>embU_TILDE</embell>
        </embell>
        <end/>
      </char>
      <char>
        <typeface>6</typeface>
        <mt_code_value>0x2212</mt_code_value>
        <options>4</options>
        <font_position>45</font_position>
        <variation>mathmode</variation>
      </char>
      <char>
        <typeface>3</typeface>
        <mt_code_value>0x007A</mt_code_value>
        <options>1</options>
        <variation>mathmode</variation>
        <embell>
          <options>0</options>
          <embell>embU_FROWN</embell>
        </embell>
        <end/>
      </char>
      <char>
        <typeface>6</typeface>
        <mt_code_value>0x2212</mt_code_value>
        <options>4</options>
        <font_position>45</font_position>
        <variation>mathmode</variation>
      </char>
      <char>
        <typeface>3</typeface>
        <mt_code_value>0x0061</mt_code_value>
        <options>1</options>
        <variation>mathmode</variation>
        <embell>
          <options>0</options>
          <embell>embU_SMILE</embell>
        </embell>
        <end/>
      </char>
      <char>
        <typeface>6</typeface>
        <mt_code_value>0x2212</mt_code_value>
        <options>4</options>
        <font_position>45</font_position>
        <variation>mathmode</variation>
      </char>
      <char>
        <typeface>3</typeface>
        <mt_code_value>0x0062</mt_code_value>
        <options>1</options>
        <variation>mathmode</variation>
        <embell>
          <options>0</options>
          <embell>embRARROW</embell>
        </embell>
        <end/>
      </char>
      <char>
        <typeface>6</typeface>
        <mt_code_value>0x2212</mt_code_value>
        <options>4</options>
        <font_position>45</font_position>
        <variation>mathmode</variation>
      </char>
      <char>
        <typeface>3</typeface>
        <mt_code_value>0x0063</mt_code_value>
        <options>1</options>
        <variation>mathmode</variation>
        <embell>
          <options>0</options>
          <embell>embLARROW</embell>
        </embell>
        <end/>
      </char>
      <char>
        <typeface>6</typeface>
        <mt_code_value>0x2212</mt_code_value>
        <options>4</options>
        <font_position>45</font_position>
        <variation>mathmode</variation>
      </char>
      <char>
        <typeface>3</typeface>
        <mt_code_value>0x0064</mt_code_value>
        <options>1</options>
        <variation>mathmode</variation>
        <embell>
          <options>0</options>
          <embell>embBARROW</embell>
        </embell>
        <end/>
      </char>
      <char>
        <typeface>6</typeface>
        <mt_code_value>0x2212</mt_code_value>
        <options>4</options>
        <font_position>45</font_position>
        <variation>mathmode</variation>
      </char>
      <char>
        <typeface>3</typeface>
        <mt_code_value>0x0065</mt_code_value>
        <options>1</options>
        <variation>mathmode</variation>
        <embell>
          <options>0</options>
          <embell>embR1ARROW</embell>
        </embell>
        <end/>
      </char>
      <char>
        <typeface>6</typeface>
        <mt_code_value>0x2212</mt_code_value>
        <options>4</options>
        <font_position>45</font_position>
        <variation>mathmode</variation>
      </char>
      <char>
        <typeface>3</typeface>
        <mt_code_value>0x0066</mt_code_value>
        <options>1</options>
        <variation>mathmode</variation>
        <embell>
          <options>0</options>
          <embell>embL1ARROW</embell>
        </embell>
        <end/>
      </char>
      <char>
        <typeface>6</typeface>
        <mt_code_value>0x2212</mt_code_value>
        <options>4</options>
        <font_position>45</font_position>
        <variation>mathmode</variation>
      </char>
      <char>
        <typeface>3</typeface>
        <mt_code_value>0x0067</mt_code_value>
        <options>1</options>
        <variation>mathmode</variation>
        <embell>
          <options>0</options>
          <embell>embU_RARROW</embell>
        </embell>
        <end/>
      </char>
      <char>
        <typeface>6</typeface>
        <mt_code_value>0x2212</mt_code_value>
        <options>4</options>
        <font_position>45</font_position>
        <variation>mathmode</variation>
      </char>
      <char>
        <typeface>3</typeface>
        <mt_code_value>0x0068</mt_code_value>
        <options>1</options>
        <variation>mathmode</variation>
        <embell>
          <options>0</options>
          <embell>embU_LARROW</embell>
        </embell>
        <end/>
      </char>
      <char>
        <typeface>6</typeface>
        <mt_code_value>0x2212</mt_code_value>
        <options>4</options>
        <font_position>45</font_position>
        <variation>mathmode</variation>
      </char>
      <char>
        <typeface>3</typeface>
        <mt_code_value>0x0069</mt_code_value>
        <options>1</options>
        <variation>mathmode</variation>
        <embell>
          <options>0</options>
          <embell>embU_BARROW</embell>
        </embell>
        <end/>
      </char>
      <char>
        <typeface>6</typeface>
        <mt_code_value>0x2212</mt_code_value>
        <options>4</options>
        <font_position>45</font_position>
        <variation>mathmode</variation>
      </char>
      <char>
        <typeface>3</typeface>
        <mt_code_value>0x006A</mt_code_value>
        <options>1</options>
        <variation>mathmode</variation>
        <embell>
          <options>0</options>
          <embell>embU_R1ARROW</embell>
        </embell>
        <end/>
      </char>
      <char>
        <typeface>6</typeface>
        <mt_code_value>0x2212</mt_code_value>
        <options>4</options>
        <font_position>45</font_position>
        <variation>mathmode</variation>
      </char>
      <char>
        <typeface>3</typeface>
        <mt_code_value>0x006B</mt_code_value>
        <options>1</options>
        <variation>mathmode</variation>
        <embell>
          <options>0</options>
          <embell>embU_L1ARROW</embell>
        </embell>
        <end/>
      </char>
      <end/>
    </slot>
    <end/>
  </mtef>
</root>
